Mais ou est donc or ni car
Mais ou est donc or ni car
