2t: 8
2t: 8
2t: 8
2t: 8
2t: 8
2t: 8
2t: 8
2t: 8
2t: 8
2t: 8
